2026-04-22 10:00:01 INFO Server started on port 8080
2026-04-22 10:00:03 INFO Database connection established
2026-04-22 10:00:05 INFO User login successful: user_id=1023
2026-04-22 10:00:08 INFO Cache initialized
2026-04-22 10:00:10 INFO API request received: /get-data
2026-04-22 10:00:11 INFO API response sent: status=200
2026-04-22 10:00:15 WARNING High memory usage detected: 78%
2026-04-22 10:00:18 INFO Scheduled job executed: cleanup
2026-04-22 10:00:20 INFO User logout: user_id=1023
2026-04-22 10:00:22 INFO API request received: /login
2026-04-22 10:00:23 ERROR Failed login attempt: invalid credentials
2026-04-22 10:00:25 INFO Retry login attempt
2026-04-22 10:00:27 INFO User login successful: user_id=2045
2026-04-22 10:00:30 INFO File uploaded: report.pdf
2026-04-22 10:00:32 INFO File processed successfully
2026-04-22 10:00:35 INFO API request received: /analytics
2026-04-22 10:00:36 INFO API response sent: status=200
2026-04-22 10:00:40 WARNING Disk usage at 85%
2026-04-22 10:00:42 INFO Backup started
2026-04-22 10:00:45 ERROR Backup failed: timeout error
2026-04-22 10:00:48 INFO Retrying backup
2026-04-22 10:00:50 INFO Backup completed successfully
2026-04-22 10:00:52 INFO Notification sent to admin
2026-04-22 10:00:55 INFO API request received: /update-profile
2026-04-22 10:00:56 INFO API response sent: status=200
2026-04-22 10:01:00 INFO Health check passed
2026-04-22 10:01:02 ERROR Database connection lost
2026-04-22 10:01:04 INFO Attempting reconnection
2026-04-22 10:01:06 INFO Database reconnected
2026-04-22 10:01:08 INFO Cache cleared
2026-04-22 10:01:10 WARNING Slow query detected (>2s)
2026-04-22 10:01:12 INFO Query optimized
2026-04-22 10:01:15 INFO API request received: /dashboard
2026-04-22 10:01:16 INFO API response sent: status=200
2026-04-22 10:01:18 INFO User login successful: user_id=3098
2026-04-22 10:01:20 INFO Session created
2026-04-22 10:01:22 ERROR Unauthorized access attempt detected
2026-04-22 10:01:25 INFO Security alert logged
2026-04-22 10:01:28 INFO File deleted: temp.log
2026-04-22 10:01:30 WARNING CPU usage spike: 92%
2026-04-22 10:01:32 INFO Load balancing initiated
2026-04-22 10:01:35 INFO System stabilized
2026-04-22 10:01:38 INFO API request received: /logout
2026-04-22 10:01:39 INFO API response sent: status=200
2026-04-22 10:01:42 ERROR Service unavailable: dependency failure
2026-04-22 10:01:45 INFO Restarting service
2026-04-22 10:01:48 INFO Service restarted successfully
2026-04-22 10:01:50 INFO Monitoring metrics updated
2026-04-22 10:01:52 INFO System running normally
2026-04-22 10:01:55 CRITICAL System overload detected
2026-04-22 10:01:58 INFO Emergency scaling triggered
2026-04-22 10:02:00 INFO System recovered